Plugins:
Bundled analyzers:
  - JaCoCo 1.3.0.1538 (jacoco)
  - IaC Code Quality and Security 1.36.0.12431 (iac)
  - Text Code Quality and Security 2.16.0.4008 (text)
  - Clean as You Code 2.4.0.2018 (cayc)
  - XML Code Quality and Security 2.10.0.4108 (xml)
Global server settings:
  - sonar.azureresourcemanager.file.suffixes=.bicep
  - sonar.core.id=92D88F0A-AZKXM6GWgza3ZYYv9CnI
  - sonar.core.startTime=2024-10-24T22:45:58+0530
  - sonar.cs.file.suffixes=.cs,.razor
  - sonar.css.file.suffixes=.css,.less,.scss,.sass
  - sonar.docker.file.patterns=Dockerfile,*.dockerfile
  - sonar.flex.file.suffixes=as
  - sonar.forceAuthentication=true
  - sonar.go.file.suffixes=.go
  - sonar.html.file.suffixes=.html,.xhtml,.cshtml,.vbhtml,.aspx,.ascx,.rhtml,.erb,.shtm,.shtml,.cmp,.twig
  - sonar.ipynb.file.suffixes=ipynb
  - sonar.java.file.suffixes=.java,.jav
  - sonar.java.jvmframeworkconfig.file.patterns=**/src/main/resources/**/application*.properties,**/src/main/resources/**/application*.yaml,**/src/main/resources/**/application*.yml
  - sonar.javascript.file.suffixes=.js,.jsx,.cjs,.mjs,.vue
  - sonar.json.file.suffixes=.json
  - sonar.jsp.file.suffixes=.jsp,.jspf,.jspx
  - sonar.kotlin.file.suffixes=.kt,.kts
  - sonar.php.file.suffixes=php,php3,php4,php5,phtml,inc
  - sonar.python.file.suffixes=py
  - sonar.qualityProfiles.allowDisableInheritedRules=true
  - sonar.ruby.file.suffixes=.rb
  - sonar.scala.file.suffixes=.scala
  - sonar.terraform.file.suffixes=.tf
  - sonar.typescript.file.suffixes=.ts,.tsx,.cts,.mts
  - sonar.vbnet.file.suffixes=.vb
  - sonar.xml.file.suffixes=.xml,.xsd,.xsl,.config
  - sonar.yaml.file.suffixes=.yaml,.yml
Project server settings:
  - sonar.azureresourcemanager.file.suffixes=.bicep
  - sonar.cs.file.suffixes=.cs,.razor
  - sonar.css.file.suffixes=.css,.less,.scss,.sass
  - sonar.docker.file.patterns=Dockerfile,*.dockerfile
  - sonar.flex.file.suffixes=as
  - sonar.go.file.suffixes=.go
  - sonar.html.file.suffixes=.html,.xhtml,.cshtml,.vbhtml,.aspx,.ascx,.rhtml,.erb,.shtm,.shtml,.cmp,.twig
  - sonar.ipynb.file.suffixes=ipynb
  - sonar.java.file.suffixes=.java,.jav
  - sonar.java.jvmframeworkconfig.file.patterns=**/src/main/resources/**/application*.properties,**/src/main/resources/**/application*.yaml,**/src/main/resources/**/application*.yml
  - sonar.javascript.file.suffixes=.js,.jsx,.cjs,.mjs,.vue
  - sonar.json.file.suffixes=.json
  - sonar.jsp.file.suffixes=.jsp,.jspf,.jspx
  - sonar.kotlin.file.suffixes=.kt,.kts
  - sonar.php.file.suffixes=php,php3,php4,php5,phtml,inc
  - sonar.python.file.suffixes=py
  - sonar.ruby.file.suffixes=.rb
  - sonar.scala.file.suffixes=.scala
  - sonar.terraform.file.suffixes=.tf
  - sonar.typescript.file.suffixes=.ts,.tsx,.cts,.mts
  - sonar.vbnet.file.suffixes=.vb
  - sonar.xml.file.suffixes=.xml,.xsd,.xsl,.config
  - sonar.yaml.file.suffixes=.yaml,.yml
Project scanner properties:
  - sonar.host.url=http://localhost:9000
  - sonar.language=py
  - sonar.projectBaseDir=/Users/mananrawat/Desktop/Project/UPDATED CODEE/DevOpsProject
  - sonar.projectKey=DevOpsPythonProject
  - sonar.projectName=DevOpsPythonProject
  - sonar.projectVersion=1.0
  - sonar.scanner.apiBaseUrl=http://localhost:9000/api/v2
  - sonar.scanner.app=ScannerCLI
  - sonar.scanner.appVersion=6.2.1.4610
  - sonar.scanner.arch=arm64
  - sonar.scanner.bootstrapStartTime=1729794516431
  - sonar.scanner.home=/opt/homebrew/Cellar/sonar-scanner/6.2.1.4610/libexec
  - sonar.scanner.os=macos
  - sonar.scanner.wasEngineCacheHit=true
  - sonar.scanner.wasJreCacheHit=HIT
  - sonar.sourceEncoding=UTF-8
  - sonar.sources=.
  - sonar.token=******
  - sonar.working.directory=/Users/mananrawat/Desktop/Project/UPDATED CODEE/DevOpsProject/.scannerwork
